---
source: src/matcher/single_pattern.rs
expression: matches.first().unwrap()
---
PatternMatch {
    pattern: 0,
    match_data: {
        "key100": Some(
            100,
        ),
        "key2": Some(
            2,
        ),
        "key1": Some(
            1,
        ),
    },
}
