---
source: src/portgraph/indexing.rs
expression: all_bindings(&graph)
---
[
    {
        Root(0): NodeIndex(2),
        Along(0, out0)@1): NodeIndex(0),
        Along(0, out1)@1): NodeIndex(1),
        Along(0, out0)@2): NodeIndex(1),
    },
    {
        Root(0): NodeIndex(1),
        Along(0, in0)@1): NodeIndex(0),
        Along(0, in0)@2): NodeIndex(2),
        Along(0, in1)@1): NodeIndex(2),
    },
    {
        Root(0): NodeIndex(0),
        Along(0, out0)@1): NodeIndex(1),
        Along(1, in0)@1): NodeIndex(0),
        Along(0, in0)@1): NodeIndex(2),
        Along(1, in1)@1): NodeIndex(2),
        Root(1): NodeIndex(1),
        Along(1, in0)@2): NodeIndex(2),
    },
    {
        Root(0): NodeIndex(0),
        Along(0, out0)@1): NodeIndex(1),
        Along(1, out0)@1): NodeIndex(0),
        Along(0, in0)@1): NodeIndex(2),
        Along(1, out1)@1): NodeIndex(1),
        Root(1): NodeIndex(2),
        Along(1, out0)@2): NodeIndex(1),
    },
]
